WATCOM Linker Version 10.0
Copyright by WATCOM International Corp. 1985, 1994. All rights reserved.
Created on:       00/07/15 20:08:36
Executable Image: trayex.exe
creating an OS/2 32-bit executable


                        +------------+
                        |   Groups   |
                        +------------+

Group                           Address              Size
=====                           =======              ====

DGROUP                          0002:00000000        00008310



                        +--------------+
                        |   Segments   |
                        +--------------+

Segment                Class          Group          Address         Size
=======                =====          =====          =======         ====

BEGTEXT                CODE                          0001:00000000   00000007
_TEXT                  CODE                          0001:00000010   000018cc
_NULL                  BEGDATA        DGROUP         0002:00000000   00000004
_AFTERNULL             BEGDATA        DGROUP         0002:00000004   00000000
CONST                  DATA           DGROUP         0002:00000004   00000050
CONST2                 DATA           DGROUP         0002:00000054   00000000
_DATA                  DATA           DGROUP         0002:00000054   0000017c
TIB                    DATA           DGROUP         0002:000001d0   00000000
TI                     DATA           DGROUP         0002:000001d0   00000000
TIE                    DATA           DGROUP         0002:000001d0   00000000
XIB                    DATA           DGROUP         0002:000001d0   00000000
XI                     DATA           DGROUP         0002:000001d0   00000006
XIE                    DATA           DGROUP         0002:000001d6   00000000
YIB                    DATA           DGROUP         0002:000001d6   00000000
YI                     DATA           DGROUP         0002:000001d6   00000006
YIE                    DATA           DGROUP         0002:000001dc   00000000
DATA                   DATA           DGROUP         0002:000001dc   00000000
_BSS                   BSS            DGROUP         0002:000001dc   0000012c
STACK                  STACK          DGROUP         0002:00000310   00008000


                        +----------------+
                        |   Memory Map   |
                        +----------------+

* = unreferenced symbol
+ = symbol only referenced locally

Address        Symbol
=======        ======

Module: trayex.obj(E:\wcos2\src\systray2\trayapi\trayex.c)
0001:00000010+ InitializeTrayApi_
0001:00000050* AnswerTrayApiDdeAck_
0001:0000007c* AddTrayIcon_
0001:000000d0* ChangeTrayIcon_
0001:00000124* DeleteTrayIcon_
0001:00000174  main_
0001:00000264+ windowproc
0002:00000054+ _hwndTrayServer
0002:000001dc+ _hab
0002:000001e0+ _hwndClient
0002:000001e4+ _hwndFrame
Module: C:\WATCOM\lib386\os2\clib3r.lib(cstrto32)
0001:0000048a+ _cstart_
Module: C:\WATCOM\lib386\os2\clib3r.lib(main2o32)
0001:000004fe  __OS2Main
Module: C:\WATCOM\lib386\os2\clib3r.lib(segdefns)
0001:00000003  ___begtext
0002:00000000* __nullarea
0002:000001d0* __start_TI
0002:000001d0* __end_TI
Module: C:\WATCOM\lib386\os2\clib3r.lib(inirt386)
0001:0000054e  __InitRtns
0001:00000599  __FiniRtns
Module: C:\WATCOM\lib386\os2\clib3r.lib(register)
0002:00000068  ___ThreadDataSize
0001:000005e8* _beginthread_
0001:000005ef  _endthread_
0001:000005f6* __RegisterThreadData_
Module: C:\WATCOM\lib386\os2\clib3r.lib(set386)
0001:00000640  memset_
Module: C:\WATCOM\lib386\os2\clib3r.lib(maino32)
0002:00000074  ___GetThreadPtr
0002:00000078  __AccessFileH
0002:0000007c  __ReleaseFileH
0002:00000080  __InitAccessH
0002:00000084  __FiniAccessH
0002:00000088  __AccessIOB
0002:0000008c  __ReleaseIOB
0002:00000090  __AccessNHeap
0002:00000094  __AccessFHeap
0002:00000098  __ReleaseNHeap
0001:0000065e  __threadstack_
0001:00000665  __threadid_
0001:0000066c  __OS2MainInit_
0001:000006eb+ __OS2Init_
0001:00000766  __exit_
0002:0000009c  __ReleaseFHeap
0002:000000a0  __AccessTDList
0002:000000a4  __ReleaseTDList
0002:000000a8  ___sig_init_rtn
0002:000000ac  ___sig_fini_rtn
0002:000000b0  __threadstksize
0002:000001e8  ___Is_DLL
0002:000001ec  ___FirstThreadData
0002:000001f0+ ___hmodule
0002:000001f4+ ___saved_CS
Module: C:\WATCOM\lib386\os2\clib3r.lib(cmain386)
0001:0000077f  __CMain
Module: C:\WATCOM\lib386\os2\clib3r.lib(seg386)
0000:00001234  __DOSseg__
Module: C:\WATCOM\lib386\os2\clib3r.lib(thredo32)
0001:0000085f  __CBeginThread_
0001:000008ec  __CEndThread_
Module: C:\WATCOM\lib386\os2\clib3r.lib(__stos)
0001:00000910  __STOSB
0001:00000947* __STOSD
Module: C:\WATCOM\lib386\os2\clib3r.lib(crwd386)
0002:000000c4* __psp
0002:000000ef  __osmajor
0002:000000f0  __osminor
0002:000000e6* __Extender
0002:000000e7* __ExtenderSubtype
0002:000000e8* __X32VM
0002:000000c8* __x386_stacklow
0002:000000bc  __LpCmdLine
0002:000000c0  __LpPgmName
0002:000000b4* __dynend
0002:000000b8  __curbrk
0002:000000c8  __STACKLOW
0002:000000cc* __STACKTOP
0002:000000d0  __ASTACKSIZ
0002:000000d4  __ASTACKPTR
0002:000000d8* __cbyte
0002:000000dc* __cbyte2
0002:000000e0* __child
0002:000000e9  __Envptr
0002:000000ed* __Envseg
0002:000000e4  __no87
0002:000000f1* __FPE_handler
0002:000000f1* ___FPE_handler
Module: C:\WATCOM\lib386\os2\clib3r.lib(mthread)
0001:000009b5+ __CloseSemaphore_
0001:000009e1+ __AccessIOB_
0001:000009eb+ __ReleaseIOB_
0001:000009f5+ __AccessFileH_
0001:00000a0f+ __ReleaseFileH_
0001:00000a28+ __InitAccessH_
0001:00000a29+ __FiniAccessH_
0001:00000a43+ __AccessNHeap_
0001:00000a4a+ __ReleaseNHeap_
0001:00000a54+ __AccessFHeap_
0001:00000a5b+ __ReleaseFHeap_
0001:00000a62+ __AccessTDList_
0001:00000a67+ __AccessSemaphore_
0001:00000abe+ __ReleaseTDList_
0001:00000ac3+ __ReleaseSemaphore_
0001:00000aeb+ __MultipleThread_
0001:00000b19  __InitThreadData_
0001:00000b54  __OS2AddThread_
0001:00000ba5  __OS2RemoveThread_
0001:00000beb  __InitMultipleThread_
0002:000000f8+ ___AccessSema4
0002:000000fc+ ___ReleaseSema4
0002:00000100+ ___CloseSema4
0002:000001d6* ___AccessSema4Fini
Module: C:\WATCOM\lib386\os2\clib3r.lib(growiomd)
0001:00000d2e  __grow_iomode_
Module: C:\WATCOM\lib386\os2\clib3r.lib(stack386)
0001:00000dd5  stackavail_
Module: C:\WATCOM\lib386\os2\clib3r.lib(cinit)
0001:00000de4  __CommonInit_
Module: C:\WATCOM\lib386\os2\clib3r.lib(___argc)
0002:000002f4  ____Argc
0002:000002f8  ____Argv
Module: C:\WATCOM\lib386\os2\clib3r.lib(exit)
0001:00000def+ __null_int23_exit_
0001:00000df0  exit_
0001:00000e08+ _exit_
0002:00000104+ ___atexit
0002:00000108+ ___int23_exit
0002:0000010c+ ___FPE_handler_exit
Module: C:\WATCOM\lib386\os2\clib3r.lib(chk8087)
0001:00000e2d* __init_8087_
0001:00000e3a  _fpreset_
0001:00000e44  __chk8087_
Module: C:\WATCOM\lib386\os2\clib3r.lib(trdalloc)
0001:00000e89  __InitThreadProcessing_
0001:00000ea6  __FiniThreadProcessing_
0002:000002fc  ___ThreadData
Module: C:\WATCOM\lib386\os2\clib3r.lib(maxthrds)
0002:00000110  ___MaxThreads
Module: C:\WATCOM\lib386\os2\clib3r.lib(trdlist)
0001:00000ef7  __GetThreadData_
0001:00000fc0  __AddThreadData_
0001:00001011  __RemoveThreadData_
0001:0000105b+ __FreeThreadDataList_
Module: C:\WATCOM\lib386\os2\clib3r.lib(calloc)
0001:00001084  calloc_
Module: C:\WATCOM\lib386\os2\clib3r.lib(nfree)
0001:0000109c  _nfree_
0001:0000109c  free_
Module: C:\WATCOM\lib386\os2\clib3r.lib(iomode)
0001:00001106* __IOMode_
0001:0000115b* __SetIOMode_
0002:00000114  ___NFiles
0002:00000118  ___init_mode
0002:00000168  __iomode
Module: C:\WATCOM\lib386\os2\clib3r.lib(nrealloc)
0001:00001170* _nrealloc_
0001:00001170  realloc_
Module: C:\WATCOM\lib386\os2\clib3r.lib(errno)
0001:000011f3  __get_errno_ptr_
0001:000011fd* __get_doserrno_ptr_
Module: C:\WATCOM\lib386\os2\clib3r.lib(amblksiz)
0002:0000016c  __amblksiz
Module: C:\WATCOM\lib386\os2\clib3r.lib(winrtns)
0002:00000170* __WindowsIsWindowedHandle
0002:00000174* __WindowsRemoveWindowedHandle
0002:00000178* __WindowsNewWindow
0002:0000017c* __WindowsCloseWindow
0002:00000180* __WindowsSetAbout
0002:00000184* __WindowsSetAppTitle
0002:00000188* __WindowsSetConTitle
0002:0000018c* __WindowsDestroyOnClose
0002:00000190* __WindowsYieldControl
0002:00000194* __WindowsShutDown
0002:00000198* __WindowsStdin
0002:0000019c* __WindowsStdout
0002:000001a0* __WindowsKbhit
0002:000001a4* __WindowsGetch
0002:000001a8* __WindowsGetche
0002:000001ac* __WindowsPutch
0002:000001b0  __WindowExitRtn
Module: C:\WATCOM\lib386\os2\clib3r.lib(8087cw)
0002:000001b4  __8087cw
Module: C:\WATCOM\lib386\os2\clib3r.lib(ini87386)
0001:00001208  __init_80x87
Module: C:\WATCOM\lib386\os2\clib3r.lib(_8087386)
0002:000001b8  __8087
0002:000001b9  __real87
Module: C:\WATCOM\lib386\os2\clib3r.lib(thrdmax)
0001:00001230  __GETMAXTHREADS
Module: C:\WATCOM\lib386\os2\clib3r.lib(xmsgo32)
0001:00001236+ __exit_with_msg_
0001:00001265  __fatal_runtime_error_
Module: C:\WATCOM\lib386\os2\clib3r.lib(nmalloc)
0001:00001282  _nmalloc_
0001:00001282  malloc_
0002:000001bc  ___nheapbeg
0002:000001c0  ___MiniHeapRover
0002:000001c4  ___LargestSizeB4MiniHeapRover
Module: C:\WATCOM\lib386\os2\clib3r.lib(memalloc)
0001:0000137c  __MemAllocator
0001:00001424  __MemFree
Module: C:\WATCOM\lib386\os2\clib3r.lib(heapmod)
0002:00000304  ___fheap_clean
0002:00000305  ___nheap_clean
Module: C:\WATCOM\lib386\os2\clib3r.lib(isattos2)
0001:0000152f  isatty_
Module: C:\WATCOM\lib386\os2\clib3r.lib(nmsize)
0001:0000155d  _nmsize_
0001:0000155d* _msize_
Module: C:\WATCOM\lib386\os2\clib3r.lib(nexpand)
0001:00001566  _nexpand_
0001:00001566* _expand_
0001:000015a0+ __HeapManager_expand_
Module: C:\WATCOM\lib386\os2\clib3r.lib(enterdb)
0001:0000173e  __EnterWVIDEO_
0002:000001c8+ ___WD_Present
Module: C:\WATCOM\lib386\os2\clib3r.lib(grownear)
0001:000017d8  __ExpandDGROUP_
Module: C:\WATCOM\lib386\os2\clib3r.lib(nmemneed)
0001:000018b8  __nmemneed_
Module: C:\WATCOM\lib386\os2\clib3r.lib(heapen)
0001:000018bb* _heapenable_
0002:000001cc  ___heap_enabled


                        +----------------------+
                        |   Imported Symbols   |
                        +----------------------+

Symbol                              Module
======                              ======

WinDdeInitiate                      PMWIN
WinPostMsg                          PMWIN
WinInitialize                       PMWIN
WinCreateMsgQueue                   PMWIN
WinRegisterClass                    PMWIN
WinCreateStdWindow                  PMWIN
WinGetMsg                           PMWIN
WinDispatchMsg                      PMWIN
WinDestroyWindow                    PMWIN
WinDestroyMsgQueue                  PMWIN
WinTerminate                        PMWIN
WinSetWindowPos                     PMWIN
WinSendMsg                          PMWIN
WinBeginPaint                       PMWIN
WinQueryWindowRect                  PMWIN
WinFillRect                         PMWIN
GpiSetColor                         PMGPI
GpiSetBackColor                     PMGPI
GpiCharStringAt                     PMGPI
WinEndPaint                         PMWIN
WinDefWindowProc                    PMWIN
DosQuerySysInfo                     DOSCALLS
DosSetRelMaxFH                      DOSCALLS
DosExit                             DOSCALLS
DosPostEventSem                     DOSCALLS
DosCreateEventSem                   DOSCALLS
DosCreateThread                     DOSCALLS
DosWaitEventSem                     DOSCALLS
DosCloseEventSem                    DOSCALLS
DosCloseMutexSem                    DOSCALLS
DosCreateMutexSem                   DOSCALLS
DosRequestMutexSem                  DOSCALLS
DosReleaseMutexSem                  DOSCALLS
DosDevConfig                        DOSCALLS
DosWrite                            DOSCALLS
DosQueryHType                       DOSCALLS
DosAllocMem                         DOSCALLS


                        +--------------------+
                        |   Libraries Used   |
                        +--------------------+

C:\WATCOM\lib386\os2\clib3r.lib
C:\WATCOM\lib386\os2\os2386.lib


                        +-----------------------+
                        |   Linker Statistics   |
                        +-----------------------+

Stack size:  8000 (32768.)
Memory size:  9bec (39916.)
Entry point address: 0001:0000048a
